<html>
<body>
<pre>
<h1>µVision Build Log</h1>
<h2>Project:</h2>
C:\Users\Sarath Chandra\Desktop\ADC_Sample\ADCSWTrigger.uvproj
Project File Date:  11/14/2019

<h2>Output:</h2>
Build target 'ADCSWTrigger'
linking...
Program Size: Code=1548 RO-data=32 RW-data=4 ZI-data=1124  
".\ADCSWTrigger.axf" - 0 Error(s), 0 Warning(s).
Load "C:\\Users\\Sarath Chandra\\Desktop\\ADC_Sample\\ADCSWTrigger.axf" 
Connecting: Mode=JTAG, Speed=1000000Hz
Erase Done.
Programming Done.
Verify OK.
</pre>
</body>
</html>
andra\\Desktop\\ADC_Sample\\ADCSWTrigger.axf" 
Connecting: Mode=JTAG, Speed=1000000Hz
Erase Done.
Programming Done.
Verify OK.
compiling ADCTestMain.c...
"ADCTestMain.c" - 0 Error(s), 0 Warning(s).
